Java HotSpot(TM) 64-Bit Server VM (25.291-b10) for bsd-amd64 JRE (1.8.0_291-b10), built on Apr  8 2021 02:17:24 by "java_re" with gcc 4.2.1 Compatible Apple LLVM 11.0.0 (clang-1100.0.33.17)
Memory: 4k page, physical 8388608k(636648k free)

/proc/meminfo:

CommandLine flags: -XX:InitialHeapSize=536870912 -XX:MaxHeapSize=536870912 -XX:+PrintGC -XX:+PrintGCDetails -XX:+PrintGCTimeStamps -XX:+UseCompressedClassPointers -XX:+UseCompressedOops -XX:+UseG1GC 
0.237: [GC pause (G1 Evacuation Pause) (young), 0.0150486 secs]
   [Parallel Time: 8.7 ms, GC Workers: 4]
      [GC Worker Start (ms): Min: 237.8, Avg: 240.6, Max: 244.9, Diff: 7.1]
      [Ext Root Scanning (ms): Min: 0.0, Avg: 0.4, Max: 0.8, Diff: 0.8, Sum: 1.4]
      [Update RS (ms): Min: 0.0, Avg: 0.0, Max: 0.0, Diff: 0.0, Sum: 0.0]
         [Processed Buffers: Min: 0, Avg: 0.0, Max: 0, Diff: 0, Sum: 0]
      [Scan RS (ms): Min: 0.0, Avg: 0.0, Max: 0.0, Diff: 0.0, Sum: 0.0]
      [Code Root Scanning (ms): Min: 0.0, Avg: 0.0, Max: 0.0, Diff: 0.0, Sum: 0.0]
      [Object Copy (ms): Min: 0.0, Avg: 4.1, Max: 7.3, Diff: 7.3, Sum: 16.6]
      [Termination (ms): Min: 0.0, Avg: 0.9, Max: 1.6, Diff: 1.6, Sum: 3.5]
         [Termination Attempts: Min: 1, Avg: 1.0, Max: 1, Diff: 0, Sum: 4]
      [GC Worker Other (ms): Min: 0.0, Avg: 0.0, Max: 0.0, Diff: 0.0, Sum: 0.1]
      [GC Worker Total (ms): Min: 1.3, Avg: 5.4, Max: 8.3, Diff: 7.0, Sum: 21.7]
      [GC Worker End (ms): Min: 245.9, Avg: 246.1, Max: 246.2, Diff: 0.2]
   [Code Root Fixup: 0.0 ms]
   [Code Root Purge: 0.0 ms]
   [Clear CT: 0.2 ms]
   [Other: 6.1 ms]
      [Choose CSet: 0.0 ms]
      [Ref Proc: 2.2 ms]
      [Ref Enq: 0.0 ms]
      [Redirty Cards: 3.5 ms]
      [Humongous Register: 0.1 ms]
      [Humongous Reclaim: 0.1 ms]
      [Free CSet: 0.0 ms]
   [Eden: 25.0M(25.0M)->0.0B(21.0M) Survivors: 0.0B->4096.0K Heap: 32.6M(512.0M)->13.4M(512.0M)]
 [Times: user=0.02 sys=0.01, real=0.02 secs] 
0.269: [GC pause (G1 Evacuation Pause) (young), 0.0055772 secs]
   [Parallel Time: 4.2 ms, GC Workers: 4]
      [GC Worker Start (ms): Min: 268.9, Avg: 269.3, Max: 269.7, Diff: 0.7]
      [Ext Root Scanning (ms): Min: 0.0, Avg: 0.2, Max: 0.3, Diff: 0.3, Sum: 0.6]
      [Update RS (ms): Min: 0.0, Avg: 0.0, Max: 0.1, Diff: 0.1, Sum: 0.1]
         [Processed Buffers: Min: 0, Avg: 0.8, Max: 3, Diff: 3, Sum: 3]
      [Scan RS (ms): Min: 0.0, Avg: 0.0, Max: 0.0, Diff: 0.0, Sum: 0.0]
      [Code Root Scanning (ms): Min: 0.0, Avg: 0.0, Max: 0.0, Diff: 0.0, Sum: 0.0]
      [Object Copy (ms): Min: 2.4, Avg: 2.7, Max: 3.1, Diff: 0.6, Sum: 10.6]
      [Termination (ms): Min: 0.0, Avg: 0.8, Max: 1.0, Diff: 1.0, Sum: 3.1]
         [Termination Attempts: Min: 1, Avg: 1.0, Max: 1, Diff: 0, Sum: 4]
      [GC Worker Other (ms): Min: 0.0, Avg: 0.0, Max: 0.0, Diff: 0.0, Sum: 0.0]
      [GC Worker Total (ms): Min: 3.1, Avg: 3.6, Max: 4.0, Diff: 0.9, Sum: 14.4]
      [GC Worker End (ms): Min: 272.8, Avg: 272.9, Max: 273.0, Diff: 0.3]
   [Code Root Fixup: 0.0 ms]
   [Code Root Purge: 0.0 ms]
   [Clear CT: 0.1 ms]
   [Other: 1.3 ms]
      [Choose CSet: 0.0 ms]
      [Ref Proc: 1.0 ms]
      [Ref Enq: 0.0 ms]
      [Redirty Cards: 0.1 ms]
      [Humongous Register: 0.0 ms]
      [Humongous Reclaim: 0.0 ms]
      [Free CSet: 0.0 ms]
   [Eden: 21.0M(21.0M)->0.0B(21.0M) Survivors: 4096.0K->4096.0K Heap: 40.7M(512.0M)->21.2M(512.0M)]
 [Times: user=0.01 sys=0.00, real=0.00 secs] 
0.287: [GC pause (G1 Evacuation Pause) (young), 0.0044588 secs]
   [Parallel Time: 3.9 ms, GC Workers: 4]
      [GC Worker Start (ms): Min: 287.5, Avg: 287.7, Max: 287.9, Diff: 0.3]
      [Ext Root Scanning (ms): Min: 0.0, Avg: 0.1, Max: 0.3, Diff: 0.3, Sum: 0.5]
      [Update RS (ms): Min: 0.1, Avg: 0.2, Max: 0.6, Diff: 0.5, Sum: 1.0]
         [Processed Buffers: Min: 1, Avg: 1.5, Max: 3, Diff: 2, Sum: 6]
      [Scan RS (ms): Min: 0.0, Avg: 0.0, Max: 0.0, Diff: 0.0, Sum: 0.0]
      [Code Root Scanning (ms): Min: 0.0, Avg: 0.0, Max: 0.0, Diff: 0.0, Sum: 0.0]
      [Object Copy (ms): Min: 2.7, Avg: 3.1, Max: 3.3, Diff: 0.6, Sum: 12.3]
      [Termination (ms): Min: 0.0, Avg: 0.1, Max: 0.2, Diff: 0.2, Sum: 0.6]
         [Termination Attempts: Min: 1, Avg: 1.0, Max: 1, Diff: 0, Sum: 4]
      [GC Worker Other (ms): Min: 0.0, Avg: 0.0, Max: 0.1, Diff: 0.1, Sum: 0.1]
      [GC Worker Total (ms): Min: 3.5, Avg: 3.6, Max: 3.8, Diff: 0.3, Sum: 14.5]
      [GC Worker End (ms): Min: 291.3, Avg: 291.3, Max: 291.4, Diff: 0.0]
   [Code Root Fixup: 0.0 ms]
   [Code Root Purge: 0.0 ms]
   [Clear CT: 0.1 ms]
   [Other: 0.5 ms]
      [Choose CSet: 0.0 ms]
      [Ref Proc: 0.3 ms]
      [Ref Enq: 0.0 ms]
      [Redirty Cards: 0.1 ms]
      [Humongous Register: 0.0 ms]
      [Humongous Reclaim: 0.0 ms]
      [Free CSet: 0.0 ms]
   [Eden: 21.0M(21.0M)->0.0B(43.0M) Survivors: 4096.0K->4096.0K Heap: 46.2M(512.0M)->29.0M(512.0M)]
 [Times: user=0.01 sys=0.00, real=0.01 secs] 
0.343: [GC pause (G1 Evacuation Pause) (young), 0.0069607 secs]
   [Parallel Time: 6.3 ms, GC Workers: 4]
      [GC Worker Start (ms): Min: 343.0, Avg: 343.1, Max: 343.1, Diff: 0.0]
      [Ext Root Scanning (ms): Min: 0.2, Avg: 0.2, Max: 0.2, Diff: 0.1, Sum: 0.8]
      [Update RS (ms): Min: 0.0, Avg: 0.0, Max: 0.1, Diff: 0.1, Sum: 0.2]
         [Processed Buffers: Min: 0, Avg: 1.2, Max: 2, Diff: 2, Sum: 5]
      [Scan RS (ms): Min: 0.0, Avg: 0.0, Max: 0.0, Diff: 0.0, Sum: 0.0]
      [Code Root Scanning (ms): Min: 0.0, Avg: 0.0, Max: 0.0, Diff: 0.0, Sum: 0.0]
      [Object Copy (ms): Min: 5.5, Avg: 5.6, Max: 5.7, Diff: 0.2, Sum: 22.5]
      [Termination (ms): Min: 0.0, Avg: 0.2, Max: 0.5, Diff: 0.5, Sum: 0.8]
         [Termination Attempts: Min: 1, Avg: 1.0, Max: 1, Diff: 0, Sum: 4]
      [GC Worker Other (ms): Min: 0.0, Avg: 0.0, Max: 0.0, Diff: 0.0, Sum: 0.0]
      [GC Worker Total (ms): Min: 6.0, Avg: 6.1, Max: 6.2, Diff: 0.3, Sum: 24.3]
      [GC Worker End (ms): Min: 349.1, Avg: 349.1, Max: 349.3, Diff: 0.2]
   [Code Root Fixup: 0.0 ms]
   [Code Root Purge: 0.0 ms]
   [Clear CT: 0.1 ms]
   [Other: 0.6 ms]
      [Choose CSet: 0.0 ms]
      [Ref Proc: 0.1 ms]
      [Ref Enq: 0.0 ms]
      [Redirty Cards: 0.3 ms]
      [Humongous Register: 0.0 ms]
      [Humongous Reclaim: 0.1 ms]
      [Free CSet: 0.0 ms]
   [Eden: 43.0M(43.0M)->0.0B(44.0M) Survivors: 4096.0K->6144.0K Heap: 87.4M(512.0M)->49.2M(512.0M)]
 [Times: user=0.01 sys=0.01, real=0.01 secs] 
0.368: [GC pause (G1 Evacuation Pause) (young), 0.0201110 secs]
   [Parallel Time: 18.1 ms, GC Workers: 4]
      [GC Worker Start (ms): Min: 368.3, Avg: 370.6, Max: 375.7, Diff: 7.4]
      [Ext Root Scanning (ms): Min: 0.0, Avg: 0.2, Max: 0.4, Diff: 0.4, Sum: 0.9]
      [Update RS (ms): Min: 0.0, Avg: 0.2, Max: 0.5, Diff: 0.4, Sum: 0.8]
         [Processed Buffers: Min: 0, Avg: 2.0, Max: 4, Diff: 4, Sum: 8]
      [Scan RS (ms): Min: 0.0, Avg: 0.0, Max: 0.1, Diff: 0.1, Sum: 0.2]
      [Code Root Scanning (ms): Min: 0.0, Avg: 0.0, Max: 0.0, Diff: 0.0, Sum: 0.0]
      [Object Copy (ms): Min: 8.7, Avg: 14.1, Max: 17.0, Diff: 8.2, Sum: 56.3]
      [Termination (ms): Min: 0.0, Avg: 1.1, Max: 1.8, Diff: 1.8, Sum: 4.3]
         [Termination Attempts: Min: 1, Avg: 1.0, Max: 1, Diff: 0, Sum: 4]
      [GC Worker Other (ms): Min: 0.0, Avg: 0.0, Max: 0.0, Diff: 0.0, Sum: 0.1]
      [GC Worker Total (ms): Min: 10.5, Avg: 15.6, Max: 17.9, Diff: 7.4, Sum: 62.6]
      [GC Worker End (ms): Min: 386.2, Avg: 386.2, Max: 386.3, Diff: 0.1]
   [Code Root Fixup: 0.0 ms]
   [Code Root Purge: 0.0 ms]
   [Clear CT: 0.1 ms]
   [Other: 1.9 ms]
      [Choose CSet: 0.0 ms]
      [Ref Proc: 1.4 ms]
      [Ref Enq: 0.0 ms]
      [Redirty Cards: 0.1 ms]
      [Humongous Register: 0.1 ms]
      [Humongous Reclaim: 0.0 ms]
      [Free CSet: 0.0 ms]
   [Eden: 44.0M(44.0M)->0.0B(53.0M) Survivors: 6144.0K->7168.0K Heap: 106.4M(512.0M)->73.2M(512.0M)]
 [Times: user=0.02 sys=0.01, real=0.03 secs] 
0.417: [GC pause (G1 Evacuation Pause) (young), 0.0732205 secs]
   [Parallel Time: 41.9 ms, GC Workers: 4]
      [GC Worker Start (ms): Min: 417.4, Avg: 420.7, Max: 424.1, Diff: 6.8]
      [Ext Root Scanning (ms): Min: 0.0, Avg: 0.2, Max: 0.8, Diff: 0.8, Sum: 0.9]
      [Update RS (ms): Min: 0.0, Avg: 0.5, Max: 1.6, Diff: 1.6, Sum: 2.1]
         [Processed Buffers: Min: 0, Avg: 3.0, Max: 9, Diff: 9, Sum: 12]
      [Scan RS (ms): Min: 0.0, Avg: 0.0, Max: 0.0, Diff: 0.0, Sum: 0.0]
      [Code Root Scanning (ms): Min: 0.0, Avg: 0.0, Max: 0.0, Diff: 0.0, Sum: 0.0]
      [Object Copy (ms): Min: 23.5, Avg: 25.7, Max: 27.0, Diff: 3.5, Sum: 102.7]
      [Termination (ms): Min: 0.0, Avg: 6.2, Max: 12.3, Diff: 12.3, Sum: 24.7]
         [Termination Attempts: Min: 1, Avg: 1.0, Max: 1, Diff: 0, Sum: 4]
      [GC Worker Other (ms): Min: 0.0, Avg: 0.0, Max: 0.0, Diff: 0.0, Sum: 0.1]
      [GC Worker Total (ms): Min: 24.3, Avg: 32.6, Max: 41.0, Diff: 16.7, Sum: 130.5]
      [GC Worker End (ms): Min: 448.3, Avg: 453.4, Max: 458.4, Diff: 10.1]
   [Code Root Fixup: 0.0 ms]
   [Code Root Purge: 0.0 ms]
   [Clear CT: 15.8 ms]
   [Other: 15.5 ms]
      [Choose CSet: 0.0 ms]
      [Ref Proc: 14.9 ms]
      [Ref Enq: 0.0 ms]
      [Redirty Cards: 0.1 ms]
      [Humongous Register: 0.0 ms]
      [Humongous Reclaim: 0.0 ms]
      [Free CSet: 0.0 ms]
   [Eden: 53.0M(53.0M)->0.0B(83.0M) Survivors: 7168.0K->8192.0K Heap: 135.6M(512.0M)->94.5M(512.0M)]
 [Times: user=0.02 sys=0.02, real=0.08 secs] 
0.566: [GC pause (G1 Evacuation Pause) (young), 0.0143164 secs]
   [Parallel Time: 13.1 ms, GC Workers: 4]
      [GC Worker Start (ms): Min: 565.7, Avg: 566.9, Max: 568.1, Diff: 2.4]
      [Ext Root Scanning (ms): Min: 0.0, Avg: 0.1, Max: 0.4, Diff: 0.4, Sum: 0.5]
      [Update RS (ms): Min: 0.0, Avg: 0.2, Max: 0.3, Diff: 0.3, Sum: 0.6]
         [Processed Buffers: Min: 0, Avg: 2.2, Max: 6, Diff: 6, Sum: 9]
      [Scan RS (ms): Min: 0.0, Avg: 0.0, Max: 0.0, Diff: 0.0, Sum: 0.1]
      [Code Root Scanning (ms): Min: 0.0, Avg: 0.0, Max: 0.0, Diff: 0.0, Sum: 0.0]
      [Object Copy (ms): Min: 9.7, Avg: 10.7, Max: 11.4, Diff: 1.7, Sum: 42.9]
      [Termination (ms): Min: 0.0, Avg: 0.7, Max: 1.0, Diff: 1.0, Sum: 2.7]
         [Termination Attempts: Min: 1, Avg: 1.0, Max: 1, Diff: 0, Sum: 4]
      [GC Worker Other (ms): Min: 0.0, Avg: 0.0, Max: 0.0, Diff: 0.0, Sum: 0.0]
      [GC Worker Total (ms): Min: 10.4, Avg: 11.7, Max: 13.0, Diff: 2.6, Sum: 46.8]
      [GC Worker End (ms): Min: 578.5, Avg: 578.6, Max: 578.8, Diff: 0.3]
   [Code Root Fixup: 0.0 ms]
   [Code Root Purge: 0.0 ms]
   [Clear CT: 0.1 ms]
   [Other: 1.1 ms]
      [Choose CSet: 0.0 ms]
      [Ref Proc: 0.8 ms]
      [Ref Enq: 0.0 ms]
      [Redirty Cards: 0.0 ms]
      [Humongous Register: 0.1 ms]
      [Humongous Reclaim: 0.1 ms]
      [Free CSet: 0.0 ms]
   [Eden: 83.0M(83.0M)->0.0B(89.0M) Survivors: 8192.0K->12.0M Heap: 196.0M(512.0M)->125.2M(512.0M)]
 [Times: user=0.02 sys=0.01, real=0.02 secs] 
0.619: [GC pause (G1 Evacuation Pause) (young), 0.0136480 secs]
   [Parallel Time: 13.0 ms, GC Workers: 4]
      [GC Worker Start (ms): Min: 619.0, Avg: 622.2, Max: 623.3, Diff: 4.3]
      [Ext Root Scanning (ms): Min: 0.0, Avg: 0.1, Max: 0.3, Diff: 0.3, Sum: 0.3]
      [Update RS (ms): Min: 0.0, Avg: 0.1, Max: 0.4, Diff: 0.4, Sum: 0.4]
         [Processed Buffers: Min: 0, Avg: 2.5, Max: 10, Diff: 10, Sum: 10]
      [Scan RS (ms): Min: 0.0, Avg: 0.0, Max: 0.0, Diff: 0.0, Sum: 0.0]
      [Code Root Scanning (ms): Min: 0.0, Avg: 0.0, Max: 0.0, Diff: 0.0, Sum: 0.0]
      [Object Copy (ms): Min: 7.9, Avg: 9.0, Max: 12.1, Diff: 4.2, Sum: 36.2]
      [Termination (ms): Min: 0.0, Avg: 0.5, Max: 0.8, Diff: 0.8, Sum: 2.2]
         [Termination Attempts: Min: 1, Avg: 1.0, Max: 1, Diff: 0, Sum: 4]
      [GC Worker Other (ms): Min: 0.0, Avg: 0.0, Max: 0.0, Diff: 0.0, Sum: 0.0]
      [GC Worker Total (ms): Min: 8.7, Avg: 9.8, Max: 12.9, Diff: 4.3, Sum: 39.2]
      [GC Worker End (ms): Min: 631.9, Avg: 632.0, Max: 632.0, Diff: 0.0]
   [Code Root Fixup: 0.0 ms]
   [Code Root Purge: 0.0 ms]
   [Clear CT: 0.1 ms]
   [Other: 0.6 ms]
      [Choose CSet: 0.0 ms]
      [Ref Proc: 0.3 ms]
      [Ref Enq: 0.0 ms]
      [Redirty Cards: 0.1 ms]
      [Humongous Register: 0.0 ms]
      [Humongous Reclaim: 0.1 ms]
      [Free CSet: 0.0 ms]
   [Eden: 89.0M(89.0M)->0.0B(245.0M) Survivors: 12.0M->13.0M Heap: 232.4M(512.0M)->152.3M(512.0M)]
 [Times: user=0.02 sys=0.01, real=0.01 secs] 
0.724: [GC pause (G1 Humongous Allocation) (young) (initial-mark), 0.0223478 secs]
   [Parallel Time: 21.7 ms, GC Workers: 4]
      [GC Worker Start (ms): Min: 724.7, Avg: 725.0, Max: 725.1, Diff: 0.5]
      [Ext Root Scanning (ms): Min: 0.0, Avg: 0.3, Max: 0.5, Diff: 0.5, Sum: 1.4]
      [Update RS (ms): Min: 0.0, Avg: 0.2, Max: 0.5, Diff: 0.5, Sum: 0.9]
         [Processed Buffers: Min: 0, Avg: 2.8, Max: 7, Diff: 7, Sum: 11]
      [Scan RS (ms): Min: 0.0, Avg: 0.0, Max: 0.0, Diff: 0.0, Sum: 0.1]
      [Code Root Scanning (ms): Min: 0.0, Avg: 0.0, Max: 0.0, Diff: 0.0, Sum: 0.0]
      [Object Copy (ms): Min: 19.6, Avg: 19.9, Max: 20.5, Diff: 0.9, Sum: 79.7]
      [Termination (ms): Min: 0.0, Avg: 0.7, Max: 1.0, Diff: 1.0, Sum: 2.6]
         [Termination Attempts: Min: 1, Avg: 1.2, Max: 2, Diff: 1, Sum: 5]
      [GC Worker Other (ms): Min: 0.0, Avg: 0.0, Max: 0.0, Diff: 0.0, Sum: 0.0]
      [GC Worker Total (ms): Min: 21.0, Avg: 21.2, Max: 21.5, Diff: 0.5, Sum: 84.8]
      [GC Worker End (ms): Min: 746.1, Avg: 746.2, Max: 746.3, Diff: 0.2]
   [Code Root Fixup: 0.0 ms]
   [Code Root Purge: 0.0 ms]
   [Clear CT: 0.1 ms]
   [Other: 0.6 ms]
      [Choose CSet: 0.0 ms]
      [Ref Proc: 0.1 ms]
      [Ref Enq: 0.0 ms]
      [Redirty Cards: 0.1 ms]
      [Humongous Register: 0.0 ms]
      [Humongous Reclaim: 0.1 ms]
      [Free CSet: 0.1 ms]
   [Eden: 163.0M(245.0M)->0.0B(105.0M) Survivors: 13.0M->33.0M Heap: 359.0M(512.0M)->218.9M(512.0M)]
 [Times: user=0.03 sys=0.04, real=0.02 secs] 
0.747: [GC concurrent-root-region-scan-start]
0.747: [GC concurrent-root-region-scan-end, 0.0001670 secs]
0.747: [GC concurrent-mark-start]
0.751: [GC concurrent-mark-end, 0.0036956 secs]
0.751: [GC remark 0.751: [Finalize Marking, 0.0008800 secs] 0.752: [GC ref-proc, 0.0000444 secs] 0.752: [Unloading, 0.0009171 secs], 0.0031358 secs]
 [Times: user=0.01 sys=0.00, real=0.00 secs] 
0.754: [GC cleanup 230M->229M(512M), 0.0007022 secs]
 [Times: user=0.00 sys=0.00, real=0.00 secs] 
0.755: [GC concurrent-cleanup-start]
0.755: [GC concurrent-cleanup-end, 0.0000080 secs]
0.788: [GC pause (G1 Evacuation Pause) (young), 0.0283429 secs]
   [Parallel Time: 26.7 ms, GC Workers: 4]
      [GC Worker Start (ms): Min: 788.2, Avg: 789.2, Max: 791.0, Diff: 2.8]
      [Ext Root Scanning (ms): Min: 0.0, Avg: 0.1, Max: 0.3, Diff: 0.3, Sum: 0.4]
      [Update RS (ms): Min: 0.0, Avg: 0.4, Max: 0.8, Diff: 0.8, Sum: 1.6]
         [Processed Buffers: Min: 0, Avg: 5.5, Max: 13, Diff: 13, Sum: 22]
      [Scan RS (ms): Min: 0.0, Avg: 0.0, Max: 0.0, Diff: 0.0, Sum: 0.1]
      [Code Root Scanning (ms): Min: 0.0, Avg: 0.0, Max: 0.0, Diff: 0.0, Sum: 0.0]
      [Object Copy (ms): Min: 22.4, Avg: 24.0, Max: 24.9, Diff: 2.5, Sum: 96.1]
      [Termination (ms): Min: 0.0, Avg: 0.7, Max: 1.4, Diff: 1.4, Sum: 2.9]
         [Termination Attempts: Min: 1, Avg: 1.0, Max: 1, Diff: 0, Sum: 4]
      [GC Worker Other (ms): Min: 0.0, Avg: 0.0, Max: 0.0, Diff: 0.0, Sum: 0.0]
      [GC Worker Total (ms): Min: 23.8, Avg: 25.3, Max: 26.4, Diff: 2.6, Sum: 101.2]
      [GC Worker End (ms): Min: 814.2, Avg: 814.5, Max: 814.8, Diff: 0.6]
   [Code Root Fixup: 0.0 ms]
   [Code Root Purge: 0.0 ms]
   [Clear CT: 0.1 ms]
   [Other: 1.6 ms]
      [Choose CSet: 0.0 ms]
      [Ref Proc: 1.3 ms]
      [Ref Enq: 0.0 ms]
      [Redirty Cards: 0.0 ms]
      [Humongous Register: 0.1 ms]
      [Humongous Reclaim: 0.1 ms]
      [Free CSet: 0.0 ms]
   [Eden: 105.0M(105.0M)->0.0B(7168.0K) Survivors: 33.0M->18.0M Heap: 352.6M(512.0M)->253.5M(512.0M)]
 [Times: user=0.03 sys=0.03, real=0.02 secs] 
0.818: [GC pause (G1 Evacuation Pause) (mixed), 0.0086226 secs]
   [Parallel Time: 6.1 ms, GC Workers: 4]
      [GC Worker Start (ms): Min: 818.2, Avg: 818.4, Max: 818.6, Diff: 0.4]
      [Ext Root Scanning (ms): Min: 0.0, Avg: 0.1, Max: 0.3, Diff: 0.3, Sum: 0.5]
      [Update RS (ms): Min: 0.5, Avg: 0.6, Max: 0.8, Diff: 0.2, Sum: 2.4]
         [Processed Buffers: Min: 1, Avg: 4.2, Max: 8, Diff: 7, Sum: 17]
      [Scan RS (ms): Min: 0.0, Avg: 0.0, Max: 0.1, Diff: 0.0, Sum: 0.1]
      [Code Root Scanning (ms): Min: 0.0, Avg: 0.0, Max: 0.0, Diff: 0.0, Sum: 0.0]
      [Object Copy (ms): Min: 4.0, Avg: 4.4, Max: 4.9, Diff: 0.9, Sum: 17.7]
      [Termination (ms): Min: 0.0, Avg: 0.5, Max: 0.8, Diff: 0.8, Sum: 2.1]
         [Termination Attempts: Min: 1, Avg: 1.0, Max: 1, Diff: 0, Sum: 4]
      [GC Worker Other (ms): Min: 0.0, Avg: 0.0, Max: 0.0, Diff: 0.0, Sum: 0.0]
      [GC Worker Total (ms): Min: 5.5, Avg: 5.7, Max: 5.8, Diff: 0.3, Sum: 22.9]
      [GC Worker End (ms): Min: 824.1, Avg: 824.1, Max: 824.2, Diff: 0.2]
   [Code Root Fixup: 0.0 ms]
   [Code Root Purge: 0.0 ms]
   [Clear CT: 0.1 ms]
   [Other: 2.5 ms]
      [Choose CSet: 0.0 ms]
      [Ref Proc: 2.2 ms]
      [Ref Enq: 0.0 ms]
      [Redirty Cards: 0.0 ms]
      [Humongous Register: 0.1 ms]
      [Humongous Reclaim: 0.0 ms]
      [Free CSet: 0.0 ms]
   [Eden: 7168.0K(7168.0K)->0.0B(132.0M) Survivors: 18.0M->3072.0K Heap: 261.9M(512.0M)->238.3M(512.0M)]
 [Times: user=0.01 sys=0.00, real=0.01 secs] 
0.828: [GC pause (G1 Humongous Allocation) (young) (initial-mark), 0.0028770 secs]
   [Parallel Time: 1.6 ms, GC Workers: 4]
      [GC Worker Start (ms): Min: 828.1, Avg: 828.3, Max: 828.4, Diff: 0.4]
      [Ext Root Scanning (ms): Min: 0.0, Avg: 0.6, Max: 1.2, Diff: 1.2, Sum: 2.6]
      [Update RS (ms): Min: 0.0, Avg: 0.1, Max: 0.2, Diff: 0.2, Sum: 0.3]
         [Processed Buffers: Min: 0, Avg: 1.2, Max: 4, Diff: 4, Sum: 5]
      [Scan RS (ms): Min: 0.0, Avg: 0.0, Max: 0.0, Diff: 0.0, Sum: 0.0]
      [Code Root Scanning (ms): Min: 0.0, Avg: 0.0, Max: 0.0, Diff: 0.0, Sum: 0.0]
      [Object Copy (ms): Min: 0.0, Avg: 0.2, Max: 0.3, Diff: 0.3, Sum: 0.6]
      [Termination (ms): Min: 0.0, Avg: 0.5, Max: 0.8, Diff: 0.8, Sum: 2.0]
         [Termination Attempts: Min: 1, Avg: 1.0, Max: 1, Diff: 0, Sum: 4]
      [GC Worker Other (ms): Min: 0.0, Avg: 0.0, Max: 0.0, Diff: 0.0, Sum: 0.0]
      [GC Worker Total (ms): Min: 1.2, Avg: 1.4, Max: 1.6, Diff: 0.4, Sum: 5.6]
      [GC Worker End (ms): Min: 829.6, Avg: 829.7, Max: 829.7, Diff: 0.1]
   [Code Root Fixup: 0.0 ms]
   [Code Root Purge: 0.0 ms]
   [Clear CT: 0.1 ms]
   [Other: 1.2 ms]
      [Choose CSet: 0.0 ms]
      [Ref Proc: 0.9 ms]
      [Ref Enq: 0.0 ms]
      [Redirty Cards: 0.1 ms]
      [Humongous Register: 0.1 ms]
      [Humongous Reclaim: 0.0 ms]
      [Free CSet: 0.0 ms]
   [Eden: 4096.0K(132.0M)->0.0B(143.0M) Survivors: 3072.0K->4096.0K Heap: 241.7M(512.0M)->239.0M(512.0M)]
 [Times: user=0.01 sys=0.00, real=0.01 secs] 
0.831: [GC concurrent-root-region-scan-start]
0.831: [GC concurrent-root-region-scan-end, 0.0001098 secs]
0.831: [GC concurrent-mark-start]
0.834: [GC concurrent-mark-end, 0.0026299 secs]
0.834: [GC remark 0.834: [Finalize Marking, 0.0009427 secs] 0.835: [GC ref-proc, 0.0000430 secs] 0.835: [Unloading, 0.0010112 secs], 0.0038365 secs]
 [Times: user=0.01 sys=0.00, real=0.00 secs] 
0.838: [GC cleanup 245M->245M(512M), 0.0008005 secs]
 [Times: user=0.00 sys=0.00, real=0.01 secs] 
0.895: [GC pause (G1 Evacuation Pause) (young) (to-space exhausted), 0.0093890 secs]
   [Parallel Time: 7.2 ms, GC Workers: 4]
      [GC Worker Start (ms): Min: 894.8, Avg: 898.0, Max: 901.8, Diff: 7.0]
      [Ext Root Scanning (ms): Min: 0.0, Avg: 0.1, Max: 0.3, Diff: 0.3, Sum: 0.5]
      [Update RS (ms): Min: 0.0, Avg: 0.3, Max: 0.7, Diff: 0.7, Sum: 1.4]
         [Processed Buffers: Min: 0, Avg: 4.8, Max: 11, Diff: 11, Sum: 19]
      [Scan RS (ms): Min: 0.0, Avg: 0.0, Max: 0.0, Diff: 0.0, Sum: 0.1]
      [Code Root Scanning (ms): Min: 0.0, Avg: 0.0, Max: 0.0, Diff: 0.0, Sum: 0.0]
      [Object Copy (ms): Min: 0.0, Avg: 2.7, Max: 5.2, Diff: 5.2, Sum: 10.7]
      [Termination (ms): Min: 0.0, Avg: 0.7, Max: 0.9, Diff: 0.9, Sum: 2.8]
         [Termination Attempts: Min: 1, Avg: 1.0, Max: 1, Diff: 0, Sum: 4]
      [GC Worker Other (ms): Min: 0.0, Avg: 0.0, Max: 0.0, Diff: 0.0, Sum: 0.0]
      [GC Worker Total (ms): Min: 0.0, Avg: 3.9, Max: 7.1, Diff: 7.1, Sum: 15.5]
      [GC Worker End (ms): Min: 901.8, Avg: 901.9, Max: 901.9, Diff: 0.1]
   [Code Root Fixup: 0.0 ms]
   [Code Root Purge: 0.0 ms]
   [Clear CT: 0.1 ms]
   [Other: 2.1 ms]
      [Evacuation Failure: 0.3 ms]
      [Choose CSet: 0.0 ms]
      [Ref Proc: 1.3 ms]
      [Ref Enq: 0.0 ms]
      [Redirty Cards: 0.1 ms]
      [Humongous Register: 0.1 ms]
      [Humongous Reclaim: 0.1 ms]
      [Free CSet: 0.0 ms]
   [Eden: 143.0M(143.0M)->0.0B(6144.0K) Survivors: 4096.0K->19.0M Heap: 416.2M(512.0M)->326.5M(512.0M)]
 [Times: user=0.02 sys=0.01, real=0.01 secs] 
0.906: [GC pause (G1 Evacuation Pause) (mixed), 0.0087414 secs]
   [Parallel Time: 7.5 ms, GC Workers: 4]
      [GC Worker Start (ms): Min: 905.8, Avg: 906.9, Max: 908.1, Diff: 2.3]
      [Ext Root Scanning (ms): Min: 0.0, Avg: 0.1, Max: 0.4, Diff: 0.4, Sum: 0.4]
      [Update RS (ms): Min: 0.0, Avg: 0.1, Max: 0.3, Diff: 0.3, Sum: 0.3]
         [Processed Buffers: Min: 0, Avg: 1.2, Max: 5, Diff: 5, Sum: 5]
      [Scan RS (ms): Min: 0.0, Avg: 0.0, Max: 0.1, Diff: 0.1, Sum: 0.1]
      [Code Root Scanning (ms): Min: 0.0, Avg: 0.0, Max: 0.0, Diff: 0.0, Sum: 0.0]
      [Object Copy (ms): Min: 3.5, Avg: 4.8, Max: 5.6, Diff: 2.1, Sum: 19.1]
      [Termination (ms): Min: 0.0, Avg: 0.9, Max: 1.6, Diff: 1.6, Sum: 3.5]
         [Termination Attempts: Min: 1, Avg: 1.0, Max: 1, Diff: 0, Sum: 4]
      [GC Worker Other (ms): Min: 0.0, Avg: 0.0, Max: 0.0, Diff: 0.0, Sum: 0.0]
      [GC Worker Total (ms): Min: 5.1, Avg: 5.9, Max: 6.9, Diff: 1.8, Sum: 23.5]
      [GC Worker End (ms): Min: 912.6, Avg: 912.8, Max: 913.2, Diff: 0.6]
   [Code Root Fixup: 0.0 ms]
   [Code Root Purge: 0.0 ms]
   [Clear CT: 0.1 ms]
   [Other: 1.1 ms]
      [Choose CSet: 0.0 ms]
      [Ref Proc: 0.8 ms]
      [Ref Enq: 0.0 ms]
      [Redirty Cards: 0.1 ms]
      [Humongous Register: 0.1 ms]
      [Humongous Reclaim: 0.0 ms]
      [Free CSet: 0.0 ms]
   [Eden: 6144.0K(6144.0K)->0.0B(85.0M) Survivors: 19.0M->2048.0K Heap: 332.5M(512.0M)->310.8M(512.0M)]
 [Times: user=0.01 sys=0.00, real=0.01 secs] 
0.915: [GC pause (G1 Humongous Allocation) (young) (initial-mark), 0.0027808 secs]
   [Parallel Time: 1.5 ms, GC Workers: 4]
      [GC Worker Start (ms): Min: 915.3, Avg: 915.4, Max: 915.5, Diff: 0.3]
      [Ext Root Scanning (ms): Min: 0.0, Avg: 0.5, Max: 1.2, Diff: 1.2, Sum: 2.2]
      [Update RS (ms): Min: 0.0, Avg: 0.1, Max: 0.2, Diff: 0.2, Sum: 0.3]
         [Processed Buffers: Min: 0, Avg: 1.2, Max: 3, Diff: 3, Sum: 5]
      [Scan RS (ms): Min: 0.0, Avg: 0.0, Max: 0.0, Diff: 0.0, Sum: 0.0]
      [Code Root Scanning (ms): Min: 0.0, Avg: 0.0, Max: 0.0, Diff: 0.0, Sum: 0.0]
      [Object Copy (ms): Min: 0.0, Avg: 0.1, Max: 0.2, Diff: 0.2, Sum: 0.3]
      [Termination (ms): Min: 0.0, Avg: 0.6, Max: 0.9, Diff: 0.9, Sum: 2.5]
         [Termination Attempts: Min: 1, Avg: 1.0, Max: 1, Diff: 0, Sum: 4]
      [GC Worker Other (ms): Min: 0.0, Avg: 0.0, Max: 0.0, Diff: 0.0, Sum: 0.0]
      [GC Worker Total (ms): Min: 1.2, Avg: 1.3, Max: 1.5, Diff: 0.3, Sum: 5.4]
      [GC Worker End (ms): Min: 916.7, Avg: 916.7, Max: 916.8, Diff: 0.0]
   [Code Root Fixup: 0.0 ms]
   [Code Root Purge: 0.0 ms]
   [Clear CT: 0.1 ms]
   [Other: 1.1 ms]
      [Choose CSet: 0.0 ms]
      [Ref Proc: 0.9 ms]
      [Ref Enq: 0.0 ms]
      [Redirty Cards: 0.1 ms]
      [Humongous Register: 0.1 ms]
      [Humongous Reclaim: 0.0 ms]
      [Free CSet: 0.0 ms]
   [Eden: 3072.0K(85.0M)->0.0B(85.0M) Survivors: 2048.0K->2048.0K Heap: 313.6M(512.0M)->311.4M(512.0M)]
 [Times: user=0.01 sys=0.00, real=0.00 secs] 
0.918: [GC concurrent-root-region-scan-start]
0.919: [GC concurrent-root-region-scan-end, 0.0008009 secs]
0.919: [GC concurrent-mark-start]
0.925: [GC concurrent-mark-end, 0.0060174 secs]
0.925: [GC remark 0.925: [Finalize Marking, 0.0012757 secs] 0.926: [GC ref-proc, 0.0000459 secs] 0.926: [Unloading, 0.0009714 secs], 0.0037229 secs]
 [Times: user=0.01 sys=0.00, real=0.01 secs] 
0.929: [GC cleanup 335M->334M(512M), 0.0007671 secs]
 [Times: user=0.00 sys=0.00, real=0.00 secs] 
0.930: [GC concurrent-cleanup-start]
0.930: [GC concurrent-cleanup-end, 0.0000082 secs]
0.949: [GC pause (G1 Evacuation Pause) (young), 0.0080102 secs]
   [Parallel Time: 6.7 ms, GC Workers: 4]
      [GC Worker Start (ms): Min: 949.1, Avg: 950.0, Max: 950.6, Diff: 1.5]
      [Ext Root Scanning (ms): Min: 0.0, Avg: 0.1, Max: 0.5, Diff: 0.5, Sum: 0.5]
      [Update RS (ms): Min: 0.0, Avg: 0.3, Max: 0.6, Diff: 0.6, Sum: 1.2]
         [Processed Buffers: Min: 0, Avg: 3.8, Max: 7, Diff: 7, Sum: 15]
      [Scan RS (ms): Min: 0.0, Avg: 0.0, Max: 0.0, Diff: 0.0, Sum: 0.1]
      [Code Root Scanning (ms): Min: 0.0, Avg: 0.0, Max: 0.0, Diff: 0.0, Sum: 0.0]
      [Object Copy (ms): Min: 3.1, Avg: 3.3, Max: 3.6, Diff: 0.5, Sum: 13.0]
      [Termination (ms): Min: 0.0, Avg: 1.2, Max: 2.3, Diff: 2.3, Sum: 4.9]
         [Termination Attempts: Min: 1, Avg: 1.0, Max: 1, Diff: 0, Sum: 4]
      [GC Worker Other (ms): Min: 0.0, Avg: 0.0, Max: 0.0, Diff: 0.0, Sum: 0.1]
      [GC Worker Total (ms): Min: 3.7, Avg: 5.0, Max: 5.9, Diff: 2.2, Sum: 19.8]
      [GC Worker End (ms): Min: 954.3, Avg: 954.9, Max: 955.8, Diff: 1.4]
   [Code Root Fixup: 0.0 ms]
   [Code Root Purge: 0.0 ms]
   [Clear CT: 0.1 ms]
   [Other: 1.2 ms]
      [Choose CSet: 0.0 ms]
      [Ref Proc: 0.9 ms]
      [Ref Enq: 0.0 ms]
      [Redirty Cards: 0.1 ms]
      [Humongous Register: 0.1 ms]
      [Humongous Reclaim: 0.1 ms]
      [Free CSet: 0.1 ms]
   [Eden: 85.0M(85.0M)->0.0B(14.0M) Survivors: 2048.0K->11.0M Heap: 417.4M(512.0M)->346.3M(512.0M)]
 [Times: user=0.01 sys=0.00, real=0.00 secs] 
0.962: [GC pause (G1 Evacuation Pause) (mixed), 0.0083187 secs]
   [Parallel Time: 5.5 ms, GC Workers: 4]
      [GC Worker Start (ms): Min: 963.2, Avg: 963.8, Max: 964.6, Diff: 1.5]
      [Ext Root Scanning (ms): Min: 0.0, Avg: 0.1, Max: 0.3, Diff: 0.3, Sum: 0.6]
      [Update RS (ms): Min: 0.0, Avg: 0.6, Max: 1.5, Diff: 1.5, Sum: 2.4]
         [Processed Buffers: Min: 0, Avg: 4.0, Max: 13, Diff: 13, Sum: 16]
      [Scan RS (ms): Min: 0.0, Avg: 0.0, Max: 0.1, Diff: 0.1, Sum: 0.1]
      [Code Root Scanning (ms): Min: 0.0, Avg: 0.0, Max: 0.0, Diff: 0.0, Sum: 0.0]
      [Object Copy (ms): Min: 2.5, Avg: 3.2, Max: 4.2, Diff: 1.7, Sum: 12.8]
      [Termination (ms): Min: 0.0, Avg: 0.8, Max: 1.1, Diff: 1.1, Sum: 3.3]
         [Termination Attempts: Min: 1, Avg: 1.0, Max: 1, Diff: 0, Sum: 4]
      [GC Worker Other (ms): Min: 0.0, Avg: 0.0, Max: 0.0, Diff: 0.0, Sum: 0.0]
      [GC Worker Total (ms): Min: 4.0, Avg: 4.8, Max: 5.5, Diff: 1.5, Sum: 19.2]
      [GC Worker End (ms): Min: 968.5, Avg: 968.6, Max: 968.6, Diff: 0.2]
   [Code Root Fixup: 0.0 ms]
   [Code Root Purge: 0.0 ms]
   [Clear CT: 0.2 ms]
   [Other: 2.6 ms]
      [Choose CSet: 0.0 ms]
      [Ref Proc: 1.1 ms]
      [Ref Enq: 0.0 ms]
      [Redirty Cards: 0.4 ms]
      [Humongous Register: 0.8 ms]
      [Humongous Reclaim: 0.1 ms]
      [Free CSet: 0.1 ms]
   [Eden: 14.0M(14.0M)->0.0B(21.0M) Survivors: 11.0M->4096.0K Heap: 367.9M(512.0M)->306.9M(512.0M)]
 [Times: user=0.01 sys=0.01, real=0.01 secs] 
0.980: [GC pause (G1 Evacuation Pause) (mixed), 0.0047086 secs]
   [Parallel Time: 4.1 ms, GC Workers: 4]
      [GC Worker Start (ms): Min: 980.2, Avg: 981.0, Max: 981.9, Diff: 1.8]
      [Ext Root Scanning (ms): Min: 0.0, Avg: 0.1, Max: 0.3, Diff: 0.3, Sum: 0.5]
      [Update RS (ms): Min: 0.0, Avg: 0.4, Max: 0.8, Diff: 0.8, Sum: 1.5]
         [Processed Buffers: Min: 0, Avg: 5.5, Max: 13, Diff: 13, Sum: 22]
      [Scan RS (ms): Min: 0.0, Avg: 0.0, Max: 0.1, Diff: 0.1, Sum: 0.1]
      [Code Root Scanning (ms): Min: 0.0, Avg: 0.0, Max: 0.0, Diff: 0.0, Sum: 0.0]
      [Object Copy (ms): Min: 2.3, Avg: 2.7, Max: 3.0, Diff: 0.7, Sum: 10.9]
      [Termination (ms): Min: 0.0, Avg: 0.0, Max: 0.0, Diff: 0.0, Sum: 0.1]
         [Termination Attempts: Min: 1, Avg: 1.0, Max: 1, Diff: 0, Sum: 4]
      [GC Worker Other (ms): Min: 0.0, Avg: 0.0, Max: 0.0, Diff: 0.0, Sum: 0.0]
      [GC Worker Total (ms): Min: 2.3, Avg: 3.3, Max: 4.1, Diff: 1.8, Sum: 13.2]
      [GC Worker End (ms): Min: 984.2, Avg: 984.3, Max: 984.3, Diff: 0.0]
   [Code Root Fixup: 0.0 ms]
   [Code Root Purge: 0.0 ms]
   [Clear CT: 0.1 ms]
   [Other: 0.5 ms]
      [Choose CSet: 0.0 ms]
      [Ref Proc: 0.2 ms]
      [Ref Enq: 0.0 ms]
      [Redirty Cards: 0.1 ms]
      [Humongous Register: 0.1 ms]
      [Humongous Reclaim: 0.0 ms]
      [Free CSet: 0.0 ms]
   [Eden: 21.0M(21.0M)->0.0B(88.0M) Survivors: 4096.0K->4096.0K Heap: 333.1M(512.0M)->299.0M(512.0M)]
 [Times: user=0.01 sys=0.00, real=0.00 secs] 
0.985: [GC pause (G1 Humongous Allocation) (young) (initial-mark), 0.0024853 secs]
   [Parallel Time: 1.4 ms, GC Workers: 4]
      [GC Worker Start (ms): Min: 985.4, Avg: 985.4, Max: 985.6, Diff: 0.2]
      [Ext Root Scanning (ms): Min: 0.0, Avg: 0.2, Max: 0.2, Diff: 0.2, Sum: 0.7]
      [Update RS (ms): Min: 0.1, Avg: 0.3, Max: 1.1, Diff: 1.0, Sum: 1.4]
         [Processed Buffers: Min: 1, Avg: 1.2, Max: 2, Diff: 1, Sum: 5]
      [Scan RS (ms): Min: 0.0, Avg: 0.0, Max: 0.0, Diff: 0.0, Sum: 0.0]
      [Code Root Scanning (ms): Min: 0.0, Avg: 0.0, Max: 0.0, Diff: 0.0, Sum: 0.0]
      [Object Copy (ms): Min: 0.0, Avg: 0.2, Max: 0.3, Diff: 0.3, Sum: 0.8]
      [Termination (ms): Min: 0.0, Avg: 0.6, Max: 0.9, Diff: 0.8, Sum: 2.4]
         [Termination Attempts: Min: 1, Avg: 1.5, Max: 2, Diff: 1, Sum: 6]
      [GC Worker Other (ms): Min: 0.0, Avg: 0.0, Max: 0.0, Diff: 0.0, Sum: 0.0]
      [GC Worker Total (ms): Min: 1.1, Avg: 1.3, Max: 1.4, Diff: 0.2, Sum: 5.3]
      [GC Worker End (ms): Min: 986.7, Avg: 986.8, Max: 986.8, Diff: 0.0]
   [Code Root Fixup: 0.0 ms]
   [Code Root Purge: 0.0 ms]
   [Clear CT: 0.0 ms]
   [Other: 1.0 ms]
      [Choose CSet: 0.0 ms]
      [Ref Proc: 0.8 ms]
      [Ref Enq: 0.0 ms]
      [Redirty Cards: 0.0 ms]
      [Humongous Register: 0.1 ms]
      [Humongous Reclaim: 0.0 ms]
      [Free CSet: 0.0 ms]
   [Eden: 2048.0K(88.0M)->0.0B(89.0M) Survivors: 4096.0K->5120.0K Heap: 300.5M(512.0M)->299.6M(512.0M)]
 [Times: user=0.00 sys=0.00, real=0.00 secs] 
0.988: [GC concurrent-root-region-scan-start]
0.988: [GC concurrent-root-region-scan-end, 0.0001447 secs]
0.988: [GC concurrent-mark-start]
0.990: [GC concurrent-mark-end, 0.0019583 secs]
0.990: [GC remark 0.990: [Finalize Marking, 0.0005309 secs] 0.991: [GC ref-proc, 0.0000321 secs] 0.991: [Unloading, 0.0007343 secs], 0.0028491 secs]
 [Times: user=0.01 sys=0.00, real=0.00 secs] 
0.993: [GC cleanup 308M->307M(512M), 0.0005640 secs]
 [Times: user=0.00 sys=0.00, real=0.00 secs] 
0.994: [GC concurrent-cleanup-start]
0.994: [GC concurrent-cleanup-end, 0.0000088 secs]
1.028: [GC pause (G1 Evacuation Pause) (young), 0.0058449 secs]
   [Parallel Time: 4.6 ms, GC Workers: 4]
      [GC Worker Start (ms): Min: 1027.7, Avg: 1028.3, Max: 1029.5, Diff: 1.8]
      [Ext Root Scanning (ms): Min: 0.0, Avg: 0.1, Max: 0.3, Diff: 0.3, Sum: 0.5]
      [Update RS (ms): Min: 0.0, Avg: 0.5, Max: 0.7, Diff: 0.7, Sum: 1.8]
         [Processed Buffers: Min: 0, Avg: 5.8, Max: 10, Diff: 10, Sum: 23]
      [Scan RS (ms): Min: 0.0, Avg: 0.0, Max: 0.0, Diff: 0.0, Sum: 0.1]
      [Code Root Scanning (ms): Min: 0.0, Avg: 0.0, Max: 0.0, Diff: 0.0, Sum: 0.0]
      [Object Copy (ms): Min: 2.5, Avg: 2.7, Max: 2.9, Diff: 0.3, Sum: 10.8]
      [Termination (ms): Min: 0.0, Avg: 0.6, Max: 0.8, Diff: 0.8, Sum: 2.3]
         [Termination Attempts: Min: 1, Avg: 1.0, Max: 1, Diff: 0, Sum: 4]
      [GC Worker Other (ms): Min: 0.0, Avg: 0.0, Max: 0.0, Diff: 0.0, Sum: 0.1]
      [GC Worker Total (ms): Min: 2.6, Avg: 3.9, Max: 4.5, Diff: 2.0, Sum: 15.5]
      [GC Worker End (ms): Min: 1032.1, Avg: 1032.1, Max: 1032.2, Diff: 0.1]
   [Code Root Fixup: 0.0 ms]
   [Code Root Purge: 0.0 ms]
   [Clear CT: 0.1 ms]
   [Other: 1.2 ms]
      [Choose CSet: 0.0 ms]
      [Ref Proc: 0.8 ms]
      [Ref Enq: 0.0 ms]
      [Redirty Cards: 0.1 ms]
      [Humongous Register: 0.1 ms]
      [Humongous Reclaim: 0.1 ms]
      [Free CSet: 0.0 ms]
   [Eden: 89.0M(89.0M)->0.0B(13.0M) Survivors: 5120.0K->12.0M Heap: 410.9M(512.0M)->325.5M(512.0M)]
 [Times: user=0.01 sys=0.00, real=0.01 secs] 
1.036: [GC pause (G1 Evacuation Pause) (mixed), 0.0088490 secs]
   [Parallel Time: 7.7 ms, GC Workers: 4]
      [GC Worker Start (ms): Min: 1036.0, Avg: 1036.3, Max: 1037.0, Diff: 1.1]
      [Ext Root Scanning (ms): Min: 0.0, Avg: 0.2, Max: 0.2, Diff: 0.2, Sum: 0.6]
      [Update RS (ms): Min: 0.0, Avg: 0.4, Max: 0.5, Diff: 0.5, Sum: 1.5]
         [Processed Buffers: Min: 0, Avg: 5.0, Max: 9, Diff: 9, Sum: 20]
      [Scan RS (ms): Min: 0.0, Avg: 0.0, Max: 0.1, Diff: 0.1, Sum: 0.2]
      [Code Root Scanning (ms): Min: 0.0, Avg: 0.0, Max: 0.0, Diff: 0.0, Sum: 0.0]
      [Object Copy (ms): Min: 6.0, Avg: 6.0, Max: 6.2, Diff: 0.3, Sum: 24.2]
      [Termination (ms): Min: 0.0, Avg: 0.6, Max: 0.9, Diff: 0.9, Sum: 2.4]
         [Termination Attempts: Min: 1, Avg: 1.0, Max: 1, Diff: 0, Sum: 4]
      [GC Worker Other (ms): Min: 0.0, Avg: 0.0, Max: 0.0, Diff: 0.0, Sum: 0.0]
      [GC Worker Total (ms): Min: 6.3, Avg: 7.2, Max: 7.6, Diff: 1.3, Sum: 28.9]
      [GC Worker End (ms): Min: 1043.3, Avg: 1043.5, Max: 1043.6, Diff: 0.3]
   [Code Root Fixup: 0.0 ms]
   [Code Root Purge: 0.0 ms]
   [Clear CT: 0.1 ms]
   [Other: 1.0 ms]
      [Choose CSet: 0.0 ms]
      [Ref Proc: 0.8 ms]
      [Ref Enq: 0.0 ms]
      [Redirty Cards: 0.0 ms]
      [Humongous Register: 0.1 ms]
      [Humongous Reclaim: 0.0 ms]
      [Free CSet: 0.1 ms]
   [Eden: 13.0M(13.0M)->0.0B(77.0M) Survivors: 12.0M->4096.0K Heap: 342.3M(512.0M)->310.8M(512.0M)]
 [Times: user=0.02 sys=0.00, real=0.01 secs] 
1.045: [GC pause (G1 Humongous Allocation) (young) (initial-mark), 0.0034307 secs]
   [Parallel Time: 1.5 ms, GC Workers: 4]
      [GC Worker Start (ms): Min: 1045.4, Avg: 1045.4, Max: 1045.6, Diff: 0.3]
      [Ext Root Scanning (ms): Min: 0.0, Avg: 0.5, Max: 1.4, Diff: 1.4, Sum: 1.9]
      [Update RS (ms): Min: 0.0, Avg: 0.1, Max: 0.1, Diff: 0.1, Sum: 0.4]
         [Processed Buffers: Min: 0, Avg: 1.2, Max: 3, Diff: 3, Sum: 5]
      [Scan RS (ms): Min: 0.0, Avg: 0.0, Max: 0.0, Diff: 0.0, Sum: 0.0]
      [Code Root Scanning (ms): Min: 0.0, Avg: 0.0, Max: 0.0, Diff: 0.0, Sum: 0.0]
      [Object Copy (ms): Min: 0.0, Avg: 0.2, Max: 0.3, Diff: 0.3, Sum: 0.9]
      [Termination (ms): Min: 0.0, Avg: 0.6, Max: 0.8, Diff: 0.8, Sum: 2.3]
         [Termination Attempts: Min: 1, Avg: 1.0, Max: 1, Diff: 0, Sum: 4]
      [GC Worker Other (ms): Min: 0.0, Avg: 0.0, Max: 0.0, Diff: 0.0, Sum: 0.0]
      [GC Worker Total (ms): Min: 1.2, Avg: 1.4, Max: 1.4, Diff: 0.2, Sum: 5.4]
      [GC Worker End (ms): Min: 1046.8, Avg: 1046.8, Max: 1046.8, Diff: 0.0]
   [Code Root Fixup: 0.0 ms]
   [Code Root Purge: 0.0 ms]
   [Clear CT: 0.0 ms]
   [Other: 1.9 ms]
      [Choose CSet: 0.0 ms]
      [Ref Proc: 1.7 ms]
      [Ref Enq: 0.0 ms]
      [Redirty Cards: 0.0 ms]
      [Humongous Register: 0.1 ms]
      [Humongous Reclaim: 0.0 ms]
      [Free CSet: 0.0 ms]
   [Eden: 3072.0K(77.0M)->0.0B(78.0M) Survivors: 4096.0K->5120.0K Heap: 313.5M(512.0M)->310.8M(512.0M)]
 [Times: user=0.00 sys=0.00, real=0.01 secs] 
1.049: [GC concurrent-root-region-scan-start]
1.049: [GC concurrent-root-region-scan-end, 0.0000813 secs]
1.049: [GC concurrent-mark-start]
1.051: [GC concurrent-mark-end, 0.0023300 secs]
1.051: [GC remark 1.051: [Finalize Marking, 0.0009757 secs] 1.052: [GC ref-proc, 0.0000418 secs] 1.052: [Unloading, 0.0008414 secs], 0.0040069 secs]
 [Times: user=0.01 sys=0.00, real=0.00 secs] 
1.055: [GC cleanup 326M->326M(512M), 0.0008292 secs]
 [Times: user=0.00 sys=0.00, real=0.00 secs] 
1.056: [GC concurrent-cleanup-start]
1.056: [GC concurrent-cleanup-end, 0.0000174 secs]
1.075: [GC pause (G1 Evacuation Pause) (young), 0.0062136 secs]
   [Parallel Time: 5.0 ms, GC Workers: 4]
      [GC Worker Start (ms): Min: 1075.3, Avg: 1076.6, Max: 1078.8, Diff: 3.5]
      [Ext Root Scanning (ms): Min: 0.0, Avg: 0.1, Max: 0.3, Diff: 0.3, Sum: 0.6]
      [Update RS (ms): Min: 0.0, Avg: 0.4, Max: 0.8, Diff: 0.8, Sum: 1.6]
         [Processed Buffers: Min: 0, Avg: 5.0, Max: 12, Diff: 12, Sum: 20]
      [Scan RS (ms): Min: 0.0, Avg: 0.0, Max: 0.0, Diff: 0.0, Sum: 0.1]
      [Code Root Scanning (ms): Min: 0.0, Avg: 0.0, Max: 0.0, Diff: 0.0, Sum: 0.0]
      [Object Copy (ms): Min: 0.8, Avg: 2.6, Max: 3.9, Diff: 3.1, Sum: 10.3]
      [Termination (ms): Min: 0.0, Avg: 0.6, Max: 0.8, Diff: 0.8, Sum: 2.2]
         [Termination Attempts: Min: 1, Avg: 1.0, Max: 1, Diff: 0, Sum: 4]
      [GC Worker Other (ms): Min: 0.0, Avg: 0.0, Max: 0.0, Diff: 0.0, Sum: 0.0]
      [GC Worker Total (ms): Min: 1.5, Avg: 3.7, Max: 5.0, Diff: 3.5, Sum: 14.8]
      [GC Worker End (ms): Min: 1080.3, Avg: 1080.3, Max: 1080.3, Diff: 0.0]
   [Code Root Fixup: 0.0 ms]
   [Code Root Purge: 0.0 ms]
   [Clear CT: 0.1 ms]
   [Other: 1.1 ms]
      [Choose CSet: 0.0 ms]
      [Ref Proc: 0.8 ms]
      [Ref Enq: 0.0 ms]
      [Redirty Cards: 0.0 ms]
      [Humongous Register: 0.1 ms]
      [Humongous Reclaim: 0.0 ms]
      [Free CSet: 0.0 ms]
   [Eden: 78.0M(78.0M)->0.0B(14.0M) Survivors: 5120.0K->11.0M Heap: 404.2M(512.0M)->334.5M(512.0M)]
 [Times: user=0.02 sys=0.01, real=0.01 secs] 
1.084: [GC pause (G1 Evacuation Pause) (mixed), 0.0076626 secs]
   [Parallel Time: 6.5 ms, GC Workers: 4]
      [GC Worker Start (ms): Min: 1084.3, Avg: 1085.9, Max: 1090.8, Diff: 6.5]
      [Ext Root Scanning (ms): Min: 0.0, Avg: 0.2, Max: 0.2, Diff: 0.2, Sum: 0.6]
      [Update RS (ms): Min: 0.0, Avg: 0.7, Max: 1.0, Diff: 1.0, Sum: 2.7]
         [Processed Buffers: Min: 0, Avg: 8.5, Max: 13, Diff: 13, Sum: 34]
      [Scan RS (ms): Min: 0.0, Avg: 0.1, Max: 0.3, Diff: 0.2, Sum: 0.4]
      [Code Root Scanning (ms): Min: 0.0, Avg: 0.0, Max: 0.0, Diff: 0.0, Sum: 0.0]
      [Object Copy (ms): Min: 0.0, Avg: 3.4, Max: 4.6, Diff: 4.6, Sum: 13.5]
      [Termination (ms): Min: 0.0, Avg: 0.6, Max: 0.8, Diff: 0.8, Sum: 2.3]
         [Termination Attempts: Min: 1, Avg: 1.0, Max: 1, Diff: 0, Sum: 4]
      [GC Worker Other (ms): Min: 0.0, Avg: 0.0, Max: 0.0, Diff: 0.0, Sum: 0.0]
      [GC Worker Total (ms): Min: 0.0, Avg: 4.9, Max: 6.5, Diff: 6.5, Sum: 19.5]
      [GC Worker End (ms): Min: 1090.8, Avg: 1090.8, Max: 1090.8, Diff: 0.0]
   [Code Root Fixup: 0.0 ms]
   [Code Root Purge: 0.0 ms]
   [Clear CT: 0.1 ms]
   [Other: 1.0 ms]
      [Choose CSet: 0.0 ms]
      [Ref Proc: 0.8 ms]
      [Ref Enq: 0.0 ms]
      [Redirty Cards: 0.1 ms]
      [Humongous Register: 0.1 ms]
      [Humongous Reclaim: 0.0 ms]
      [Free CSet: 0.1 ms]
   [Eden: 14.0M(14.0M)->0.0B(70.0M) Survivors: 11.0M->4096.0K Heap: 355.1M(512.0M)->320.3M(512.0M)]
 [Times: user=0.02 sys=0.00, real=0.01 secs] 
1.094: [GC pause (G1 Humongous Allocation) (young) (initial-mark), 0.0026171 secs]
   [Parallel Time: 1.6 ms, GC Workers: 4]
      [GC Worker Start (ms): Min: 1093.6, Avg: 1093.7, Max: 1093.9, Diff: 0.2]
      [Ext Root Scanning (ms): Min: 0.0, Avg: 0.5, Max: 1.5, Diff: 1.5, Sum: 2.0]
      [Update RS (ms): Min: 0.0, Avg: 0.1, Max: 0.2, Diff: 0.2, Sum: 0.4]
         [Processed Buffers: Min: 0, Avg: 1.0, Max: 2, Diff: 2, Sum: 4]
      [Scan RS (ms): Min: 0.0, Avg: 0.0, Max: 0.0, Diff: 0.0, Sum: 0.0]
      [Code Root Scanning (ms): Min: 0.0, Avg: 0.0, Max: 0.0, Diff: 0.0, Sum: 0.0]
      [Object Copy (ms): Min: 0.0, Avg: 0.3, Max: 0.4, Diff: 0.4, Sum: 1.2]
      [Termination (ms): Min: 0.0, Avg: 0.6, Max: 0.7, Diff: 0.7, Sum: 2.2]
         [Termination Attempts: Min: 1, Avg: 1.0, Max: 1, Diff: 0, Sum: 4]
      [GC Worker Other (ms): Min: 0.0, Avg: 0.0, Max: 0.0, Diff: 0.0, Sum: 0.0]
      [GC Worker Total (ms): Min: 1.3, Avg: 1.5, Max: 1.5, Diff: 0.2, Sum: 5.8]
      [GC Worker End (ms): Min: 1095.1, Avg: 1095.1, Max: 1095.2, Diff: 0.0]
   [Code Root Fixup: 0.0 ms]
   [Code Root Purge: 0.0 ms]
   [Clear CT: 0.1 ms]
   [Other: 1.0 ms]
      [Choose CSet: 0.0 ms]
      [Ref Proc: 0.8 ms]
      [Ref Enq: 0.0 ms]
      [Redirty Cards: 0.1 ms]
      [Humongous Register: 0.1 ms]
      [Humongous Reclaim: 0.0 ms]
      [Free CSet: 0.0 ms]
   [Eden: 9216.0K(70.0M)->0.0B(67.0M) Survivors: 4096.0K->6144.0K Heap: 329.1M(512.0M)->321.2M(512.0M)]
 [Times: user=0.01 sys=0.00, real=0.00 secs] 
1.096: [GC concurrent-root-region-scan-start]
1.096: [GC concurrent-root-region-scan-end, 0.0001064 secs]
1.096: [GC concurrent-mark-start]
1.099: [GC concurrent-mark-end, 0.0027935 secs]
1.099: [GC remark 1.099: [Finalize Marking, 0.0008081 secs] 1.100: [GC ref-proc, 0.0000421 secs] 1.100: [Unloading, 0.0025817 secs], 0.0066659 secs]
 [Times: user=0.00 sys=0.00, real=0.00 secs] 
1.106: [GC cleanup 342M->342M(512M), 0.0011907 secs]
 [Times: user=0.01 sys=0.00, real=0.00 secs] 
1.122: [GC pause (G1 Evacuation Pause) (young), 0.0038188 secs]
   [Parallel Time: 3.4 ms, GC Workers: 4]
      [GC Worker Start (ms): Min: 1122.0, Avg: 1122.1, Max: 1122.3, Diff: 0.2]
      [Ext Root Scanning (ms): Min: 0.0, Avg: 0.1, Max: 0.2, Diff: 0.2, Sum: 0.6]
      [Update RS (ms): Min: 0.4, Avg: 0.5, Max: 0.5, Diff: 0.1, Sum: 1.8]
         [Processed Buffers: Min: 3, Avg: 6.2, Max: 8, Diff: 5, Sum: 25]
      [Scan RS (ms): Min: 0.0, Avg: 0.0, Max: 0.0, Diff: 0.0, Sum: 0.0]
      [Code Root Scanning (ms): Min: 0.0, Avg: 0.0, Max: 0.0, Diff: 0.0, Sum: 0.0]
      [Object Copy (ms): Min: 2.6, Avg: 2.6, Max: 2.6, Diff: 0.0, Sum: 10.5]
      [Termination (ms): Min: 0.0, Avg: 0.0, Max: 0.0, Diff: 0.0, Sum: 0.1]
         [Termination Attempts: Min: 1, Avg: 1.0, Max: 1, Diff: 0, Sum: 4]
      [GC Worker Other (ms): Min: 0.0, Avg: 0.0, Max: 0.0, Diff: 0.0, Sum: 0.0]
      [GC Worker Total (ms): Min: 3.1, Avg: 3.3, Max: 3.3, Diff: 0.2, Sum: 13.0]
      [GC Worker End (ms): Min: 1125.3, Avg: 1125.3, Max: 1125.4, Diff: 0.0]
   [Code Root Fixup: 0.0 ms]
   [Code Root Purge: 0.0 ms]
   [Clear CT: 0.1 ms]
   [Other: 0.4 ms]
      [Choose CSet: 0.0 ms]
      [Ref Proc: 0.1 ms]
      [Ref Enq: 0.0 ms]
      [Redirty Cards: 0.1 ms]
      [Humongous Register: 0.1 ms]
      [Humongous Reclaim: 0.0 ms]
      [Free CSet: 0.0 ms]
   [Eden: 67.0M(67.0M)->0.0B(15.0M) Survivors: 6144.0K->10.0M Heap: 408.7M(512.0M)->349.8M(512.0M)]
 [Times: user=0.01 sys=0.00, real=0.00 secs] 
1.128: [GC pause (G1 Evacuation Pause) (mixed), 0.0068071 secs]
   [Parallel Time: 5.7 ms, GC Workers: 4]
      [GC Worker Start (ms): Min: 1128.3, Avg: 1128.3, Max: 1128.3, Diff: 0.1]
      [Ext Root Scanning (ms): Min: 0.2, Avg: 0.2, Max: 0.2, Diff: 0.1, Sum: 0.7]
      [Update RS (ms): Min: 0.5, Avg: 0.5, Max: 0.5, Diff: 0.0, Sum: 2.0]
         [Processed Buffers: Min: 7, Avg: 7.2, Max: 8, Diff: 1, Sum: 29]
      [Scan RS (ms): Min: 0.0, Avg: 0.0, Max: 0.1, Diff: 0.0, Sum: 0.2]
      [Code Root Scanning (ms): Min: 0.0, Avg: 0.0, Max: 0.0, Diff: 0.0, Sum: 0.0]
      [Object Copy (ms): Min: 4.8, Avg: 4.8, Max: 4.8, Diff: 0.1, Sum: 19.3]
      [Termination (ms): Min: 0.0, Avg: 0.0, Max: 0.1, Diff: 0.1, Sum: 0.1]
         [Termination Attempts: Min: 1, Avg: 1.0, Max: 1, Diff: 0, Sum: 4]
      [GC Worker Other (ms): Min: 0.0, Avg: 0.0, Max: 0.0, Diff: 0.0, Sum: 0.0]
      [GC Worker Total (ms): Min: 5.6, Avg: 5.6, Max: 5.6, Diff: 0.1, Sum: 22.4]
      [GC Worker End (ms): Min: 1133.9, Avg: 1133.9, Max: 1133.9, Diff: 0.0]
   [Code Root Fixup: 0.0 ms]
   [Code Root Purge: 0.0 ms]
   [Clear CT: 0.1 ms]
   [Other: 1.1 ms]
      [Choose CSet: 0.0 ms]
      [Ref Proc: 0.8 ms]
      [Ref Enq: 0.0 ms]
      [Redirty Cards: 0.1 ms]
      [Humongous Register: 0.1 ms]
      [Humongous Reclaim: 0.0 ms]
      [Free CSet: 0.0 ms]
   [Eden: 15.0M(15.0M)->0.0B(21.0M) Survivors: 10.0M->4096.0K Heap: 367.7M(512.0M)->331.2M(512.0M)]
 [Times: user=0.03 sys=0.00, real=0.00 secs] 
1.139: [GC pause (G1 Evacuation Pause) (mixed), 0.0025987 secs]
   [Parallel Time: 2.2 ms, GC Workers: 4]
      [GC Worker Start (ms): Min: 1139.4, Avg: 1139.5, Max: 1139.5, Diff: 0.1]
      [Ext Root Scanning (ms): Min: 0.2, Avg: 0.3, Max: 0.6, Diff: 0.4, Sum: 1.2]
      [Update RS (ms): Min: 0.3, Avg: 0.6, Max: 0.7, Diff: 0.4, Sum: 2.3]
         [Processed Buffers: Min: 4, Avg: 7.8, Max: 11, Diff: 7, Sum: 31]
      [Scan RS (ms): Min: 0.0, Avg: 0.0, Max: 0.0, Diff: 0.0, Sum: 0.1]
      [Code Root Scanning (ms): Min: 0.0, Avg: 0.0, Max: 0.0, Diff: 0.0, Sum: 0.0]
      [Object Copy (ms): Min: 1.2, Avg: 1.2, Max: 1.2, Diff: 0.0, Sum: 5.0]
      [Termination (ms): Min: 0.0, Avg: 0.0, Max: 0.0, Diff: 0.0, Sum: 0.0]
         [Termination Attempts: Min: 1, Avg: 1.0, Max: 1, Diff: 0, Sum: 4]
      [GC Worker Other (ms): Min: 0.0, Avg: 0.0, Max: 0.0, Diff: 0.0, Sum: 0.0]
      [GC Worker Total (ms): Min: 2.1, Avg: 2.1, Max: 2.2, Diff: 0.1, Sum: 8.6]
      [GC Worker End (ms): Min: 1141.6, Avg: 1141.6, Max: 1141.6, Diff: 0.0]
   [Code Root Fixup: 0.0 ms]
   [Code Root Purge: 0.0 ms]
   [Clear CT: 0.0 ms]
   [Other: 0.3 ms]
      [Choose CSet: 0.0 ms]
      [Ref Proc: 0.1 ms]
      [Ref Enq: 0.0 ms]
      [Redirty Cards: 0.0 ms]
      [Humongous Register: 0.1 ms]
      [Humongous Reclaim: 0.0 ms]
      [Free CSet: 0.0 ms]
   [Eden: 21.0M(21.0M)->0.0B(48.0M) Survivors: 4096.0K->4096.0K Heap: 357.2M(512.0M)->339.7M(512.0M)]
 [Times: user=0.01 sys=0.00, real=0.00 secs] 
1.143: [GC pause (G1 Humongous Allocation) (young) (initial-mark), 0.0012406 secs]
   [Parallel Time: 0.7 ms, GC Workers: 4]
      [GC Worker Start (ms): Min: 1143.0, Avg: 1143.0, Max: 1143.1, Diff: 0.1]
      [Ext Root Scanning (ms): Min: 0.2, Avg: 0.2, Max: 0.2, Diff: 0.1, Sum: 0.7]
      [Update RS (ms): Min: 0.1, Avg: 0.1, Max: 0.1, Diff: 0.0, Sum: 0.3]
         [Processed Buffers: Min: 1, Avg: 1.2, Max: 2, Diff: 1, Sum: 5]
      [Scan RS (ms): Min: 0.0, Avg: 0.0, Max: 0.0, Diff: 0.0, Sum: 0.0]
      [Code Root Scanning (ms): Min: 0.0, Avg: 0.0, Max: 0.0, Diff: 0.0, Sum: 0.0]
      [Object Copy (ms): Min: 0.4, Avg: 0.4, Max: 0.4, Diff: 0.0, Sum: 1.6]
      [Termination (ms): Min: 0.0, Avg: 0.0, Max: 0.0, Diff: 0.0, Sum: 0.0]
         [Termination Attempts: Min: 1, Avg: 1.0, Max: 1, Diff: 0, Sum: 4]
      [GC Worker Other (ms): Min: 0.0, Avg: 0.0, Max: 0.0, Diff: 0.0, Sum: 0.0]
      [GC Worker Total (ms): Min: 0.7, Avg: 0.7, Max: 0.7, Diff: 0.1, Sum: 2.7]
      [GC Worker End (ms): Min: 1143.7, Avg: 1143.7, Max: 1143.7, Diff: 0.0]
   [Code Root Fixup: 0.0 ms]
   [Code Root Purge: 0.0 ms]
   [Clear CT: 0.1 ms]
   [Other: 0.4 ms]
      [Choose CSet: 0.0 ms]
      [Ref Proc: 0.1 ms]
      [Ref Enq: 0.0 ms]
      [Redirty Cards: 0.1 ms]
      [Humongous Register: 0.1 ms]
      [Humongous Reclaim: 0.0 ms]
      [Free CSet: 0.0 ms]
   [Eden: 5120.0K(48.0M)->0.0B(48.0M) Survivors: 4096.0K->2048.0K Heap: 344.3M(512.0M)->341.9M(512.0M)]
 [Times: user=0.00 sys=0.00, real=0.00 secs] 
1.144: [GC concurrent-root-region-scan-start]
1.144: [GC concurrent-root-region-scan-end, 0.0002035 secs]
1.144: [GC concurrent-mark-start]
1.147: [GC concurrent-mark-end, 0.0027196 secs]
1.147: [GC remark 1.147: [Finalize Marking, 0.0002526 secs] 1.148: [GC ref-proc, 0.0000327 secs] 1.148: [Unloading, 0.0005701 secs], 0.0022135 secs]
 [Times: user=0.01 sys=0.00, real=0.01 secs] 
1.150: [GC cleanup 354M->354M(512M), 0.0005288 secs]
 [Times: user=0.00 sys=0.00, real=0.00 secs] 
1.160: [GC pause (G1 Evacuation Pause) (young), 0.0034978 secs]
   [Parallel Time: 2.9 ms, GC Workers: 4]
      [GC Worker Start (ms): Min: 1160.5, Avg: 1160.5, Max: 1160.5, Diff: 0.0]
      [Ext Root Scanning (ms): Min: 0.2, Avg: 0.3, Max: 0.5, Diff: 0.3, Sum: 1.1]
      [Update RS (ms): Min: 0.6, Avg: 0.8, Max: 0.8, Diff: 0.3, Sum: 3.0]
         [Processed Buffers: Min: 8, Avg: 10.2, Max: 12, Diff: 4, Sum: 41]
      [Scan RS (ms): Min: 0.0, Avg: 0.0, Max: 0.1, Diff: 0.0, Sum: 0.1]
      [Code Root Scanning (ms): Min: 0.0, Avg: 0.0, Max: 0.0, Diff: 0.0, Sum: 0.0]
      [Object Copy (ms): Min: 1.5, Avg: 1.6, Max: 1.7, Diff: 0.2, Sum: 6.4]
      [Termination (ms): Min: 0.0, Avg: 0.1, Max: 0.2, Diff: 0.2, Sum: 0.5]
         [Termination Attempts: Min: 1, Avg: 1.0, Max: 1, Diff: 0, Sum: 4]
      [GC Worker Other (ms): Min: 0.0, Avg: 0.0, Max: 0.0, Diff: 0.0, Sum: 0.0]
      [GC Worker Total (ms): Min: 2.7, Avg: 2.8, Max: 2.9, Diff: 0.2, Sum: 11.2]
      [GC Worker End (ms): Min: 1163.3, Avg: 1163.3, Max: 1163.4, Diff: 0.1]
   [Code Root Fixup: 0.0 ms]
   [Code Root Purge: 0.0 ms]
   [Clear CT: 0.1 ms]
   [Other: 0.5 ms]
      [Choose CSet: 0.0 ms]
      [Ref Proc: 0.1 ms]
      [Ref Enq: 0.0 ms]
      [Redirty Cards: 0.1 ms]
      [Humongous Register: 0.1 ms]
      [Humongous Reclaim: 0.0 ms]
      [Free CSet: 0.0 ms]
   [Eden: 48.0M(48.0M)->0.0B(18.0M) Survivors: 2048.0K->7168.0K Heap: 399.6M(512.0M)->355.6M(512.0M)]
 [Times: user=0.01 sys=0.00, real=0.00 secs] 
1.168: [GC pause (G1 Evacuation Pause) (mixed), 0.0079485 secs]
   [Parallel Time: 6.7 ms, GC Workers: 4]
      [GC Worker Start (ms): Min: 1168.3, Avg: 1168.7, Max: 1170.0, Diff: 1.8]
      [Ext Root Scanning (ms): Min: 0.0, Avg: 0.2, Max: 0.3, Diff: 0.3, Sum: 0.8]
      [Update RS (ms): Min: 0.0, Avg: 0.8, Max: 1.1, Diff: 1.1, Sum: 3.1]
         [Processed Buffers: Min: 0, Avg: 10.5, Max: 15, Diff: 15, Sum: 42]
      [Scan RS (ms): Min: 0.0, Avg: 0.0, Max: 0.1, Diff: 0.1, Sum: 0.2]
      [Code Root Scanning (ms): Min: 0.0, Avg: 0.0, Max: 0.0, Diff: 0.0, Sum: 0.0]
      [Object Copy (ms): Min: 4.1, Avg: 4.5, Max: 5.0, Diff: 0.9, Sum: 18.1]
      [Termination (ms): Min: 0.0, Avg: 0.6, Max: 0.8, Diff: 0.8, Sum: 2.2]
         [Termination Attempts: Min: 1, Avg: 1.0, Max: 1, Diff: 0, Sum: 4]
      [GC Worker Other (ms): Min: 0.0, Avg: 0.0, Max: 0.0, Diff: 0.0, Sum: 0.0]
      [GC Worker Total (ms): Min: 4.9, Avg: 6.1, Max: 6.6, Diff: 1.7, Sum: 24.5]
      [GC Worker End (ms): Min: 1174.7, Avg: 1174.9, Max: 1174.9, Diff: 0.2]
   [Code Root Fixup: 0.0 ms]
   [Code Root Purge: 0.0 ms]
   [Clear CT: 0.0 ms]
   [Other: 1.2 ms]
      [Choose CSet: 0.0 ms]
      [Ref Proc: 0.9 ms]
      [Ref Enq: 0.0 ms]
      [Redirty Cards: 0.1 ms]
      [Humongous Register: 0.1 ms]
      [Humongous Reclaim: 0.0 ms]
      [Free CSet: 0.1 ms]
   [Eden: 18.0M(18.0M)->0.0B(21.0M) Survivors: 7168.0K->4096.0K Heap: 378.0M(512.0M)->335.8M(512.0M)]
 [Times: user=0.02 sys=0.00, real=0.00 secs] 
1.182: [GC pause (G1 Evacuation Pause) (mixed), 0.0052683 secs]
   [Parallel Time: 4.2 ms, GC Workers: 4]
      [GC Worker Start (ms): Min: 1182.2, Avg: 1182.3, Max: 1182.5, Diff: 0.3]
      [Ext Root Scanning (ms): Min: 0.0, Avg: 0.2, Max: 0.3, Diff: 0.3, Sum: 0.7]
      [Update RS (ms): Min: 0.0, Avg: 0.8, Max: 1.2, Diff: 1.2, Sum: 3.4]
         [Processed Buffers: Min: 0, Avg: 10.8, Max: 15, Diff: 15, Sum: 43]
      [Scan RS (ms): Min: 0.0, Avg: 0.0, Max: 0.1, Diff: 0.1, Sum: 0.2]
      [Code Root Scanning (ms): Min: 0.0, Avg: 0.0, Max: 0.0, Diff: 0.0, Sum: 0.0]
      [Object Copy (ms): Min: 1.7, Avg: 2.5, Max: 3.0, Diff: 1.3, Sum: 10.0]
      [Termination (ms): Min: 0.0, Avg: 0.4, Max: 0.8, Diff: 0.8, Sum: 1.7]
         [Termination Attempts: Min: 1, Avg: 1.0, Max: 1, Diff: 0, Sum: 4]
      [GC Worker Other (ms): Min: 0.0, Avg: 0.0, Max: 0.0, Diff: 0.0, Sum: 0.0]
      [GC Worker Total (ms): Min: 3.8, Avg: 4.0, Max: 4.1, Diff: 0.3, Sum: 16.0]
      [GC Worker End (ms): Min: 1186.3, Avg: 1186.3, Max: 1186.3, Diff: 0.0]
   [Code Root Fixup: 0.0 ms]
   [Code Root Purge: 0.0 ms]
   [Clear CT: 0.1 ms]
   [Other: 1.0 ms]
      [Choose CSet: 0.0 ms]
      [Ref Proc: 0.8 ms]
      [Ref Enq: 0.0 ms]
      [Redirty Cards: 0.1 ms]
      [Humongous Register: 0.1 ms]
      [Humongous Reclaim: 0.0 ms]
      [Free CSet: 0.0 ms]
   [Eden: 21.0M(21.0M)->0.0B(52.0M) Survivors: 4096.0K->4096.0K Heap: 361.4M(512.0M)->338.3M(512.0M)]
 [Times: user=0.01 sys=0.00, real=0.00 secs] 
Heap
 garbage-first heap   total 524288K, used 356673K [0x00000007a0000000, 0x00000007a0101000, 0x00000007c0000000)
  region size 1024K, 15 young (15360K), 4 survivors (4096K)
 Metaspace       used 3737K, capacity 4540K, committed 4864K, reserved 1056768K
  class space    used 418K, capacity 428K, committed 512K, reserved 1048576K
