Java HotSpot(TM) 64-Bit Server VM (25.291-b10) for bsd-amd64 JRE (1.8.0_291-b10), built on Apr  8 2021 02:17:24 by "java_re" with gcc 4.2.1 Compatible Apple LLVM 11.0.0 (clang-1100.0.33.17)
Memory: 4k page, physical 8388608k(401968k free)

/proc/meminfo:

CommandLine flags: -XX:InitialHeapSize=536870912 -XX:MaxHeapSize=536870912 -XX:+PrintGC -XX:+PrintGCDetails -XX:+PrintGCTimeStamps -XX:+UseCompressedClassPointers -XX:+UseCompressedOops -XX:+UseSerialGC 
0.455: [GC (Allocation Failure) 0.456: [DefNew: 139776K->17471K(157248K), 0.0483737 secs] 139776K->42873K(506816K), 0.0485787 secs] [Times: user=0.02 sys=0.02, real=0.05 secs] 
0.555: [GC (Allocation Failure) 0.555: [DefNew: 157247K->17471K(157248K), 0.0442230 secs] 182649K->83948K(506816K), 0.0443407 secs] [Times: user=0.03 sys=0.02, real=0.05 secs] 
0.631: [GC (Allocation Failure) 0.631: [DefNew: 157247K->17472K(157248K), 0.0439302 secs] 223724K->133254K(506816K), 0.0440560 secs] [Times: user=0.02 sys=0.01, real=0.04 secs] 
0.702: [GC (Allocation Failure) 0.702: [DefNew: 157248K->17471K(157248K), 0.0610964 secs] 273030K->182633K(506816K), 0.0612185 secs] [Times: user=0.02 sys=0.02, real=0.06 secs] 
0.795: [GC (Allocation Failure) 0.795: [DefNew: 157247K->17471K(157248K), 0.1232479 secs] 322409K->225412K(506816K), 0.1233695 secs] [Times: user=0.02 sys=0.02, real=0.13 secs] 
0.957: [GC (Allocation Failure) 0.957: [DefNew: 157190K->17471K(157248K), 0.0763570 secs] 365131K->271083K(506816K), 0.0764773 secs] [Times: user=0.02 sys=0.02, real=0.08 secs] 
1.061: [GC (Allocation Failure) 1.061: [DefNew: 157154K->17472K(157248K), 0.0424454 secs] 410766K->316426K(506816K), 0.0425679 secs] [Times: user=0.02 sys=0.02, real=0.04 secs] 
1.137: [GC (Allocation Failure) 1.137: [DefNew: 157248K->157248K(157248K), 0.0000313 secs]1.137: [Tenured: 298954K->258520K(349568K), 0.0626491 secs] 456202K->258520K(506816K), [Metaspace: 3230K->3230K(1056768K)], 0.0628268 secs] [Times: user=0.06 sys=0.00, real=0.07 secs] 
1.223: [GC (Allocation Failure) 1.223: [DefNew: 139776K->17472K(157248K), 0.0098393 secs] 398296K->315373K(506816K), 0.0099462 secs] [Times: user=0.01 sys=0.00, real=0.01 secs] 
1.256: [GC (Allocation Failure) 1.256: [DefNew: 157248K->17472K(157248K), 0.0900637 secs] 455149K->359718K(506816K), 0.0901824 secs] [Times: user=0.02 sys=0.02, real=0.09 secs] 
Heap
 def new generation   total 157248K, used 22013K [0x00000007a0000000, 0x00000007aaaa0000, 0x00000007aaaa0000)
  eden space 139776K,   3% used [0x00000007a0000000, 0x00000007a046f6f0, 0x00000007a8880000)
  from space 17472K, 100% used [0x00000007a9990000, 0x00000007aaaa0000, 0x00000007aaaa0000)
  to   space 17472K,   0% used [0x00000007a8880000, 0x00000007a8880000, 0x00000007a9990000)
 tenured generation   total 349568K, used 342246K [0x00000007aaaa0000, 0x00000007c0000000, 0x00000007c0000000)
   the space 349568K,  97% used [0x00000007aaaa0000, 0x00000007bf8d9bf0, 0x00000007bf8d9c00, 0x00000007c0000000)
 Metaspace       used 3737K, capacity 4540K, committed 4864K, reserved 1056768K
  class space    used 418K, capacity 428K, committed 512K, reserved 1048576K
